// Jest Snapshot v1, https://goo.gl/fbAQLP

exports[`<Calculate/> should must match the snapshot 1`] = `"<div class=\\"ui container\\"><div class=\\"ui grey inverted segment\\"><div class=\\"ui inverted form\\"><div class=\\"ui grid\\"><div class=\\"row\\"><div class=\\"fourteen wide mobile four wide tablet four wide computer column fd\\"><a class=\\"ui tag label\\">Mortgage Amount</a></div><div class=\\"fourteen wide mobile four wide tablet four wide computer column fd\\"><input type=\\"number\\" id=\\"mortgageAmount\\" min=\\"50000\\" max=\\"750000\\" step=\\"1000\\"/></div><div class=\\"fourteen wide mobile four wide tablet four wide computer column fd\\"><span class=\\"grid__item--header\\">CA$NaN</span></div></div></div><br/><br/><div class=\\"ui three row grid\\"><div class=\\"row\\"><div class=\\"fourteen wide mobile four wide tablet four wide computer column fd\\"><a class=\\"ui tag label\\">Pre-Deposit Amount</a></div><div class=\\"fourteen wide mobile four wide tablet four wide computer column fd\\"><input type=\\"number\\" id=\\"prePayment\\" min=\\"1000\\" max=\\"150000\\" step=\\"1000\\"/></div><div class=\\"fourteen wide mobile four wide tablet four wide computer column fd\\"><span class=\\"grid__item--header\\">CA$NaN</span></div></div></div><div class=\\"ui three row grid\\"><div class=\\"row\\"><div class=\\"fourteen wide mobile four wide tablet four wide computer column fd\\"><a class=\\"ui tag label\\">Mortgage Period</a></div><div class=\\"fourteen wide mobile four wide tablet four wide computer column fd\\"><input type=\\"range\\" class=\\"grid__item--range-slider\\" id=\\"mortgagePeriod\\" min=\\"5\\" max=\\"35\\" step=\\"1\\"/></div><div class=\\"fourteen wide mobile four wide tablet four wide computer column fd\\"><span class=\\"grid__item--header\\"> Years</span></div></div></div><div class=\\"ui three row grid\\"><div class=\\"row\\"><div class=\\"fourteen wide mobile four wide tablet four wide computer column fd\\"><a class=\\"ui tag label\\">Interest Rate</a></div><div class=\\"fourteen wide mobile four wide tablet four wide computer column fd\\"><input type=\\"range\\" class=\\"grid__item--range-slider\\" id=\\"interestRate\\" min=\\"0.1\\" max=\\"8\\" step=\\"0.1\\"/></div><div class=\\"fourteen wide mobile four wide tablet four wide computer column fd\\"><span class=\\"grid__item--header\\"> %</span></div></div></div></div></div></div>"`;
