// Jest Snapshot v1, https://goo.gl/fbAQLP

exports[`<Dashboard/> should must match the snapshot 1`] = `"<div class=\\"ui container\\"><div class=\\"ui grey inverted segment\\"><div class=\\"ui inverted form\\"><div class=\\"ui grid\\"><div class=\\"row\\"><div class=\\"fourteen wide mobile four wide tablet four wide computer column fd\\"><a class=\\"ui tag label\\">Mortgage Amount</a></div><div class=\\"fourteen wide mobile four wide tablet four wide computer column fd\\"><input type=\\"number\\" id=\\"mortgageAmount\\" min=\\"50000\\" max=\\"750000\\" step=\\"1000\\" value=\\"100000\\"/></div><div class=\\"fourteen wide mobile four wide tablet four wide computer column fd\\"><span class=\\"grid__item--header\\">CA$100,000</span></div></div></div><br/><br/><div class=\\"ui three row grid\\"><div class=\\"row\\"><div class=\\"fourteen wide mobile four wide tablet four wide computer column fd\\"><a class=\\"ui tag label\\">Pre-Deposit Amount</a></div><div class=\\"fourteen wide mobile four wide tablet four wide computer column fd\\"><input type=\\"number\\" id=\\"prePayment\\" min=\\"1000\\" max=\\"150000\\" step=\\"1000\\" value=\\"2500\\"/></div><div class=\\"fourteen wide mobile four wide tablet four wide computer column fd\\"><span class=\\"grid__item--header\\">CA$2,500</span></div></div></div><div class=\\"ui three row grid\\"><div class=\\"row\\"><div class=\\"fourteen wide mobile four wide tablet four wide computer column fd\\"><a class=\\"ui tag label\\">Mortgage Period</a></div><div class=\\"fourteen wide mobile four wide tablet four wide computer column fd\\"><input type=\\"range\\" class=\\"grid__item--range-slider\\" id=\\"mortgagePeriod\\" min=\\"5\\" max=\\"35\\" step=\\"1\\" value=\\"25\\"/></div><div class=\\"fourteen wide mobile four wide tablet four wide computer column fd\\"><span class=\\"grid__item--header\\">25 Years</span></div></div></div><div class=\\"ui three row grid\\"><div class=\\"row\\"><div class=\\"fourteen wide mobile four wide tablet four wide computer column fd\\"><a class=\\"ui tag label\\">Interest Rate</a></div><div class=\\"fourteen wide mobile four wide tablet four wide computer column fd\\"><input type=\\"range\\" class=\\"grid__item--range-slider\\" id=\\"interestRate\\" min=\\"0.1\\" max=\\"8\\" step=\\"0.1\\" value=\\"5\\"/></div><div class=\\"fourteen wide mobile four wide tablet four wide computer column fd\\"><span class=\\"grid__item--header\\">5 %</span></div></div></div></div></div></div><div class=\\"grid__container\\"><div class=\\"ui grey message\\"><i class=\\"home icon\\"></i><div class=\\"header\\">Mortgage Summary</div><p>Over the <b>25</b> year amortization period, you will:<ul><li>have made <b>300</b> monthly (12x per year) payments of <b>CA$569 </b>.</li><li>have paid <b>2500</b> in principal.</li><li>Total Interest paid by you is <b>$73492</b></li><li>Total loan amount was:<b>$97500</b></li> </ul></p></div><table class=\\"ui grey inverted  table\\"><thead><tr><th>Category</th><th>Value</th></tr></thead><tbody><tr><td><h4 class=\\"ui image header\\"><img src=\\"https://encrypted-tbn0.gstatic.com/images?q=tbn:ANd9GcTogAC3irWc9aKLbN8441GFxVD2SlgUhg2nDA&amp;usqp=CAU\\" class=\\"ui mini rounded image\\"/><div class=\\"content\\">Total Loan needed:<div class=\\"sub header\\"></div></div></h4></td><td>CA$97,500</td></tr><tr><td><h4 class=\\"ui image header\\"><img src=\\"https://encrypted-tbn0.gstatic.com/images?q=tbn:ANd9GcSTytPMFhh-xFu2IjGrfNYSBC0Xi2tw3tigVQ&amp;usqp=CAU\\" class=\\"ui mini rounded image\\"/><div class=\\"content\\">Monthly Payment:<div class=\\"sub header\\"></div></div></h4></td><td>CA$569</td></tr><tr><td><h4 class=\\"ui image header\\"><img src=\\"https://encrypted-tbn0.gstatic.com/images?q=tbn:ANd9GcTrA-Q7jgyaUSUQnKWTx_76SulVv01PBWDCtQ&amp;usqp=CAU\\" class=\\"ui mini rounded image\\"/><div class=\\"content\\">Total Payback needed:<div class=\\"sub header\\"></div></div></h4></td><td>CA$170,992</td></tr><tr><td><h4 class=\\"ui image header\\"><img src=\\"https://encrypted-tbn0.gstatic.com/images?q=tbn:ANd9GcQ_pB-akmTVVvn5wbS5ork0iOo2JVyIyvIhyw&amp;usqp=CAU\\" class=\\"ui mini rounded image\\"/><div class=\\"content\\">Total Interest Paid:<div class=\\"sub header\\"></div></div></h4></td><td>CA$73,492</td></tr></tbody></table></div><div class=\\"ui black inverted \\"><div class=\\"ui graph-container\\"><canvas height=\\"150\\" width=\\"300\\"></canvas></div></div>"`;
